Microchip MPLAB XC8 Compiler V1.37 ()

Linker command line:

-W-3 --edf=C:\Program Files (x86)\Microchip\xc8\v1.37\dat\en_msgs.txt -cs \
  -h+dist/default/production\pwm_asl.X.production.sym \
  --cmf=dist/default/production\pwm_asl.X.production.cmf -z -Q18F4620 \
  -oC:\Users\joudeh\AppData\Local\Temp\slpg.2 \
  -Mdist/default/production/pwm_asl.X.production.map -E1 -ver=XC8 \
  --acfsm=1493 -ASTACK=0145h-0f7fh -pstack=STACK -ACODE=00h-0FFFFh \
  -ACONST=00h-0FFFFh -ASMALLCONST=01000h-010FFhx240 \
  -AMEDIUMCONST=01000h-0FFFFh -ACOMRAM=01h-07Fh -AABS1=00h-0F7Fh \
  -ABIGRAM=01h-0F7Fh -ARAM=080h-0FFh,0100h-01FFhx14,0F00h-0F7Fh \
  -ABANK0=080h-0FFh -ABANK1=0100h-01FFh -ABANK2=0200h-02FFh \
  -ABANK3=0300h-03FFh -ABANK4=0400h-04FFh -ABANK5=0500h-05FFh \
  -ABANK6=0600h-06FFh -ABANK7=0700h-07FFh -ABANK8=0800h-08FFh \
  -ABANK9=0900h-09FFh -ABANK10=0A00h-0AFFh -ABANK11=0B00h-0BFFh \
  -ABANK12=0C00h-0CFFh -ABANK13=0D00h-0DFFh -ABANK14=0E00h-0EFFh \
  -ABANK15=0F00h-0F7Fh -ASFR=0F80h-0FFFh \
  -preset_vec=00h,intcode=08h,intcodelo,powerup,init,end_init \
  -pramtop=01000h -psmallconst=SMALLCONST -pmediumconst=MEDIUMCONST \
  -pconst=CONST -AFARRAM=00h-00h -ACONFIG=0300000h-030000Dh -pconfig=CONFIG \
  -AIDLOC=0200000h-0200007h -pidloc=IDLOC -AEEDATA=0F00000h-0F003FFh \
  -peeprom_data=EEDATA \
  -prdata=COMRAM,nvrram=COMRAM,nvbit=COMRAM,rbss=COMRAM,rbit=COMRAM \
  -pfarbss=FARRAM,fardata=FARRAM,nvFARRAM=FARRAM \
  -pintsave_regs=BIGRAM,bigbss=BIGRAM,bigdata=BIGRAM -pbss=RAM \
  -pidata=CODE,irdata=CODE,ibigdata=CODE,ifardata=CODE -prparam=COMRAM \
  C:\Users\joudeh\AppData\Local\Temp\slpg.obj \
  dist/default/production\pwm_asl.X.production.obj 

Object code version is 3.11

Machine type is 18F4620

Call graph: (short form)




                Name                               Link     Load   Length Selector   Space Scale
C:\Users\joudeh\AppData\Local\Temp\slpg.obj
                end_init                             16       16        4        4       0
                reset_vec                             0        0        4        0       0
                idloc                            200000   200000        8   200000       0
                config                           300000   300000        E   300000       0
dist/default/production\pwm_asl.X.production.obj
                intcode                               8        8        E        4       0
                temp                                 68       68        1        1       1
                smallconst                         1000     1000       E8      800       0
                text51                             42A0     42A0       2E      874       0
                text50                             431E     431E       26      874       0
                text49                             445C     445C        A      874       0
                text48                             3CE0     3CE0       7E      874       0
                text47                             4168     4168       42      874       0
                text46                             3FE0     3FE0       60      874       0
                intcode_body                       39E0     39E0       C4      874       0
                text44                             3E48     3E48       70      874       0
                text43                             1C96     1C96      4A8      874       0
                text42                             36C6     36C6      120      874       0
                text41                             3904     3904       DC      874       0
                text40                             331C     331C      150      874       0
                text39                             3D5E     3D5E       7A      874       0
                text38                             37E6     37E6      11E      874       0
                text37                             4452     4452        A      874       0
                text36                             41E4     41E4       32      874       0
                text35                             4446     4446        C      874       0
                text34                             4436     4436       10      874       0
                text33                             440E     440E       18      874       0
                text32                             438C     438C       24      874       0
                text31                             4272     4272       2E      874       0
                text30                             43B0     43B0       22      874       0
                text29                             40DE     40DE       48      874       0
                text28                             3F1E     3F1E       62      874       0
                text27                             4126     4126       42      874       0
                text26                             4040     4040       56      874       0
                text25                             4368     4368       24      874       0
                text24                             298A     298A      3C0      874       0
                text23                             42F8     42F8       26      874       0
                text22                             41AA     41AA       3A      874       0
                text21                             3AA4     3AA4       AE      874       0
                text20                             3B52     3B52       88      874       0
                text19                             4466     4466        8      874       0
                text18                             4426     4426       10      874       0
                text17                             42CE     42CE       2A      874       0
                text16                             4244     4244       2E      874       0
                text15                             43F0     43F0       1E      874       0
                text14                             4344     4344       24      874       0
                text13                             4216     4216       2E      874       0
                text12                             4096     4096       48      874       0
                text11                             3C5E     3C5E       82      874       0
                text10                             3EB8     3EB8       66      874       0
                text9                              359E     359E      128      874       0
                text8                              346C     346C      132      874       0
                text7                              3BDA     3BDA       84      874       0
                text6                              3DD8     3DD8       70      874       0
                text5                              2D4A     2D4A      350      874       0
                text4                              309A     309A      282      874       0
                text3                              43D2     43D2       1E      874       0
                text2                              2572     2572      418      874       0
                text1                              10E8     10E8      BAE      874       0
                text0                              213E     213E      434      874       0
                cstackCOMRAM                          1        1       52        1       1
                cstackBANK0                          80       80       60       80       1
                cstackBANK1                         100      100       43      100       1
                bssBANK1                            143      143        2      100       1
                dataBANK0                            E0       E0        4       80       1
                dataCOMRAM                           61       61        7        1       1
                bssCOMRAM                            53       53        E        1       1
                cinit                              3F80     3F80       60      874       0
                idataBANK0                         4475     4475        4      874       0
                idataCOMRAM                        446E     446E        7      874       0

TOTAL           Name                               Link     Load   Length     Space
        CLASS   STACK          

        CLASS   CODE           
                end_init                             16       16        4         0
                intcode                               8        8        E         0
                reset_vec                             0        0        4         0
                text51                             42A0     42A0       2E         0
                text50                             431E     431E       26         0
                text49                             445C     445C        A         0
                text48                             3CE0     3CE0       7E         0
                text47                             4168     4168       42         0
                text46                             3FE0     3FE0       60         0
                intcode_body                       39E0     39E0       C4         0
                text44                             3E48     3E48       70         0
                text43                             1C96     1C96      4A8         0
                text42                             36C6     36C6      120         0
                text41                             3904     3904       DC         0
                text40                             331C     331C      150         0
                text39                             3D5E     3D5E       7A         0
                text38                             37E6     37E6      11E         0
                text37                             4452     4452        A         0
                text36                             41E4     41E4       32         0
                text35                             4446     4446        C         0
                text34                             4436     4436       10         0
                text33                             440E     440E       18         0
                text32                             438C     438C       24         0
                text31                             4272     4272       2E         0
                text30                             43B0     43B0       22         0
                text29                             40DE     40DE       48         0
                text28                             3F1E     3F1E       62         0
                text27                             4126     4126       42         0
                text26                             4040     4040       56         0
                text25                             4368     4368       24         0
                text24                             298A     298A      3C0         0
                text23                             42F8     42F8       26         0
                text22                             41AA     41AA       3A         0
                text21                             3AA4     3AA4       AE         0
                text20                             3B52     3B52       88         0
                text19                             4466     4466        8         0
                text18                             4426     4426       10         0
                text17                             42CE     42CE       2A         0
                text16                             4244     4244       2E         0
                text15                             43F0     43F0       1E         0
                text14                             4344     4344       24         0
                text13                             4216     4216       2E         0
                text12                             4096     4096       48         0
                text11                             3C5E     3C5E       82         0
                text10                             3EB8     3EB8       66         0
                text9                              359E     359E      128         0
                text8                              346C     346C      132         0
                text7                              3BDA     3BDA       84         0
                text6                              3DD8     3DD8       70         0
                text5                              2D4A     2D4A      350         0
                text4                              309A     309A      282         0
                text3                              43D2     43D2       1E         0
                text2                              2572     2572      418         0
                text1                              10E8     10E8      BAE         0
                text0                              213E     213E      434         0
                cinit                              3F80     3F80       60         0
                idataBANK0                         4475     4475        4         0
                idataCOMRAM                        446E     446E        7         0

        CLASS   CONST          

        CLASS   SMALLCONST     
                smallconst                         1000     1000       E8         0

        CLASS   MEDIUMCONST    

        CLASS   COMRAM         
                temp                                 68       68        1         1
                cstackCOMRAM                          1        1       52         1
                dataCOMRAM                           61       61        7         1
                bssCOMRAM                            53       53        E         1

        CLASS   ABS1           

        CLASS   BIGRAM         

        CLASS   RAM            

        CLASS   BANK0          
                cstackBANK0                          80       80       60         1
                dataBANK0                            E0       E0        4         1

        CLASS   BANK1          
                cstackBANK1                         100      100       43         1
                bssBANK1                            143      143        2         1

        CLASS   BANK2          

        CLASS   BANK3          

        CLASS   BANK4          

        CLASS   BANK5          

        CLASS   BANK6          

        CLASS   BANK7          

        CLASS   BANK8          

        CLASS   BANK9          

        CLASS   BANK10         

        CLASS   BANK11         

        CLASS   BANK12         

        CLASS   BANK13         

        CLASS   BANK14         

        CLASS   BANK15         

        CLASS   SFR            

        CLASS   FARRAM         

        CLASS   CONFIG         
                config                           300000   300000        E         0

        CLASS   IDLOC          
                idloc                            200000   200000        8         0

        CLASS   EEDATA         



SEGMENTS        Name                           Load    Length   Top    Selector   Space  Class

                reset_vec                      000000  000004  000004         0       0  CODE    
                cstackCOMRAM                   000001  000068  000069         1       1  COMRAM  
                intcode                        000008  000012  00001A         4       0  CODE    
                cstackBANK0                    000080  000064  0000E4        80       1  BANK0   
                cstackBANK1                    000100  000045  000145       100       1  BANK1   
                smallconst                     001000  0000E8  0010E8       800       0  SMALLCON
                text1                          0010E8  003391  004479       874       0  CODE    
                idloc                          200000  000008  200008    200000       0  IDLOC   
                config                         300000  00000E  30000E    300000       0  CONFIG  


UNUSED ADDRESS RANGES

        Name                Unused          Largest block    Delta
        BANK0            0000E4-0000FF               1C
        BANK1            000145-0001FF               BB
        BANK10           000A00-000AFF              100
        BANK11           000B00-000BFF              100
        BANK12           000C00-000CFF              100
        BANK13           000D00-000DFF              100
        BANK14           000E00-000EFF              100
        BANK15           000F00-000F7F               80
        BANK2            000200-0002FF              100
        BANK3            000300-0003FF              100
        BANK4            000400-0004FF              100
        BANK5            000500-0005FF              100
        BANK6            000600-0006FF              100
        BANK7            000700-0007FF              100
        BANK8            000800-0008FF              100
        BANK9            000900-0009FF              100
        BIGRAM           000069-00007F               17
                         0000E4-0000FF               1C
                         000145-000F7F              E3B
        CODE             000004-000007                4
                         00001A-000FFF              FE6
                         004479-00FFFF             BB87
        COMRAM           000069-00007F               17
        CONST            000004-000007                4
                         00001A-000FFF              FE6
                         004479-00FFFF             BB87
        EEDATA           F00000-F003FF              400
        MEDIUMCONST      004479-00FFFF             BB87
        RAM              0000E4-0000FF               1C
                         000145-000F7F              100
        SFR              000F80-000FFF               80
        SMALLCONST       004479-00FFFF              100
        STACK            000145-000F7F              E3B

                                  Symbol Table

?___awdiv                     cstackCOMRAM 000018
?___awmod                     cstackCOMRAM 000043
?___fladd                     cstackBANK0  000099
?___fldiv                     cstackBANK0  000080
?___flmul                     cstackCOMRAM 000020
?___flneg                     cstackCOMRAM 000018
?___flsub                     cstackBANK0  0000AD
?___fltol                     cstackCOMRAM 000039
?___lldiv                     cstackCOMRAM 000018
?___llmod                     cstackCOMRAM 000025
?___lwmod                     cstackCOMRAM 000001
?___wmul                      cstackCOMRAM 000018
?___xxtofl                    cstackCOMRAM 000043
?__div_to_l_                  cstackCOMRAM 000018
?__tdiv_to_l_                 cstackCOMRAM 000018
?_floor                       cstackBANK0  0000AD
?_fround                      cstackCOMRAM 000049
?_read_adc_raw_no_lib         cstackCOMRAM 000018
?_read_adc_temp               cstackBANK0  0000AD
?_read_adc_voltage            cstackBANK0  000099
?_scale                       cstackCOMRAM 000049
?_sprintf                     cstackBANK0  0000B7
?i2___wmul                    cstackCOMRAM 000001
Timer1_isr@f                  cstackCOMRAM 000007
_ADCON0                       (abs)        000FC2
_ADCON0bits                   (abs)        000FC2
_ADCON1                       (abs)        000FC1
_ADCON2                       (abs)        000FC0
_ADRESH                       (abs)        000FC4
_ADRESL                       (abs)        000FC3
_BAUDCONbits                  (abs)        000FB8
_CCP1CON                      (abs)        000FBD
_CCP1CONbits                  (abs)        000FBD
_CCPR1L                       (abs)        000FBE
_INTCON                       (abs)        000FF2
_INTCONbits                   (abs)        000FF2
_LCD_INIT_STRING              dataCOMRAM   000061
_PIE1                         (abs)        000F9D
_PIE1bits                     (abs)        000F9D
_PIE2                         (abs)        000FA0
_PIR1                         (abs)        000F9E
_PIR1bits                     (abs)        000F9E
_PORTAbits                    (abs)        000F80
_PORTBbits                    (abs)        000F81
_PORTCbits                    (abs)        000F82
_PORTD                        (abs)        000F83
_PORTEbits                    (abs)        000F84
_PR2                          (abs)        000FCB
_RCONbits                     (abs)        000FD0
_RCREG                        (abs)        000FAE
_RCSTA                        (abs)        000FAB
_RCSTAbits                    (abs)        000FAB
_RPS_count                    bssCOMRAM    000053
_RX_isr                       text51       0042A0
_ReceivedChar                 bssCOMRAM    00005F
_SPBRG                        (abs)        000FAF
_SPBRGH                       (abs)        000FB0
_T1CON                        (abs)        000FCD
_T1CONbits                    (abs)        000FCD
_T2CON                        (abs)        000FCA
_T2CONbits                    (abs)        000FCA
_TMR1H                        (abs)        000FCF
_TMR1L                        (abs)        000FCE
_TRISA                        (abs)        000F92
_TRISB                        (abs)        000F93
_TRISC                        (abs)        000F94
_TRISCbits                    (abs)        000F94
_TRISD                        (abs)        000F95
_TRISE                        (abs)        000F96
_TXREG                        (abs)        000FAD
_TXSTA                        (abs)        000FAC
_TXSTAbits                    (abs)        000FAC
_Timer1_isr                   text48       003CE0
__CFG_BOREN$SBORDIS           (abs)        000000
__CFG_BORV$3                  (abs)        000000
__CFG_CCP2MX$PORTC            (abs)        000000
__CFG_CP0$OFF                 (abs)        000000
__CFG_CP1$OFF                 (abs)        000000
__CFG_CP2$OFF                 (abs)        000000
__CFG_CP3$OFF                 (abs)        000000
__CFG_CPB$OFF                 (abs)        000000
__CFG_CPD$OFF                 (abs)        000000
__CFG_EBTR0$OFF               (abs)        000000
__CFG_EBTR1$OFF               (abs)        000000
__CFG_EBTR2$OFF               (abs)        000000
__CFG_EBTR3$OFF               (abs)        000000
__CFG_EBTRB$OFF               (abs)        000000
__CFG_FCMEN$OFF               (abs)        000000
__CFG_IESO$OFF                (abs)        000000
__CFG_LPT1OSC$OFF             (abs)        000000
__CFG_LVP$ON                  (abs)        000000
__CFG_MCLRE$ON                (abs)        000000
__CFG_OSC$XT                  (abs)        000000
__CFG_PBADEN$ON               (abs)        000000
__CFG_PWRT$OFF                (abs)        000000
__CFG_STVREN$ON               (abs)        000000
__CFG_WDT$ON                  (abs)        000000
__CFG_WDTPS$32768             (abs)        000000
__CFG_WRT0$OFF                (abs)        000000
__CFG_WRT1$OFF                (abs)        000000
__CFG_WRT2$OFF                (abs)        000000
__CFG_WRT3$OFF                (abs)        000000
__CFG_WRTB$OFF                (abs)        000000
__CFG_WRTC$OFF                (abs)        000000
__CFG_WRTD$OFF                (abs)        000000
__CFG_XINST$OFF               (abs)        000000
__HRAM                        (abs)        000000
__Habs1                       abs1         000000
__Hbank0                      bank0        000000
__Hbank1                      bank1        000000
__Hbank10                     bank10       000000
__Hbank11                     bank11       000000
__Hbank12                     bank12       000000
__Hbank13                     bank13       000000
__Hbank14                     bank14       000000
__Hbank15                     bank15       000000
__Hbank2                      bank2        000000
__Hbank3                      bank3        000000
__Hbank4                      bank4        000000
__Hbank5                      bank5        000000
__Hbank6                      bank6        000000
__Hbank7                      bank7        000000
__Hbank8                      bank8        000000
__Hbank9                      bank9        000000
__Hbigbss                     bigbss       000000
__Hbigdata                    bigdata      000000
__Hbigram                     bigram       000000
__Hbss                        bss          000000
__HbssBANK1                   bssBANK1     000000
__HbssCOMRAM                  bssCOMRAM    000000
__Hcinit                      cinit        000000
__Hclrtext                    clrtext      000000
__Hcomram                     comram       000000
__Hconfig                     config       30000E
__Hconst                      const        000000
__HcstackBANK0                cstackBANK0  000000
__HcstackBANK1                cstackBANK1  000000
__HcstackCOMRAM               cstackCOMRAM 000000
__Hdata                       data         000000
__HdataBANK0                  dataBANK0    000000
__HdataCOMRAM                 dataCOMRAM   000000
__Heeprom_data                eeprom_data  000000
__Hend_init                   end_init     00001A
__Hfarbss                     farbss       000000
__Hfardata                    fardata      000000
__Hibigdata                   ibigdata     000000
__Hidata                      idata        000000
__HidataBANK0                 idataBANK0   000000
__HidataCOMRAM                idataCOMRAM  000000
__Hidloc                      idloc        200008
__Hifardata                   ifardata     000000
__Hinit                       init         000016
__Hintcode                    intcode      000016
__Hintcode_body               intcode_body 000000
__Hintcodelo                  intcodelo    000016
__Hintentry                   intentry     000000
__Hintret                     intret       000000
__Hintsave_regs               intsave_regs 000000
__Hirdata                     irdata       000000
__Hmediumconst                mediumconst  000000
__HnvFARRAM                   nvFARRAM     000000
__Hnvbit                      nvbit        000000
__Hnvrram                     nvrram       000000
__Hparam                      rparam       000000
__Hpowerup                    powerup      000016
__Hram                        ram          000000
__Hramtop                     ramtop       001000
__Hrbit                       rbit         000000
__Hrbss                       rbss         000000
__Hrdata                      rdata        000000
__Hreset_vec                  reset_vec    000004
__Hrparam                     rparam       000000
__Hsfr                        sfr          000000
__Hsmallconst                 smallconst   0010E8
__Hspace_0                    (abs)        30000E
__Hspace_1                    (abs)        000145
__Hspace_2                    (abs)        000000
__Hstack                      stack        000000
__Hstruct                     struct       000000
__Htemp                       temp         000069
__Htext                       text         000000
__Htext0                      text0        000000
__Htext1                      text1        000000
__Htext10                     text10       000000
__Htext11                     text11       000000
__Htext12                     text12       000000
__Htext13                     text13       000000
__Htext14                     text14       000000
__Htext15                     text15       000000
__Htext16                     text16       000000
__Htext17                     text17       000000
__Htext18                     text18       000000
__Htext19                     text19       000000
__Htext2                      text2        000000
__Htext20                     text20       000000
__Htext21                     text21       000000
__Htext22                     text22       000000
__Htext23                     text23       000000
__Htext24                     text24       000000
__Htext25                     text25       000000
__Htext26                     text26       000000
__Htext27                     text27       000000
__Htext28                     text28       000000
__Htext29                     text29       000000
__Htext3                      text3        000000
__Htext30                     text30       000000
__Htext31                     text31       000000
__Htext32                     text32       000000
__Htext33                     text33       000000
__Htext34                     text34       000000
__Htext35                     text35       000000
__Htext36                     text36       000000
__Htext37                     text37       000000
__Htext38                     text38       000000
__Htext39                     text39       000000
__Htext4                      text4        000000
__Htext40                     text40       000000
__Htext41                     text41       000000
__Htext42                     text42       000000
__Htext43                     text43       000000
__Htext44                     text44       000000
__Htext46                     text46       000000
__Htext47                     text47       000000
__Htext48                     text48       000000
__Htext49                     text49       000000
__Htext5                      text5        000000
__Htext50                     text50       000000
__Htext51                     text51       000000
__Htext6                      text6        000000
__Htext7                      text7        000000
__Htext8                      text8        000000
__Htext9                      text9        000000
__LRAM                        (abs)        000001
__Labs1                       abs1         000000
__Lbank0                      bank0        000000
__Lbank1                      bank1        000000
__Lbank10                     bank10       000000
__Lbank11                     bank11       000000
__Lbank12                     bank12       000000
__Lbank13                     bank13       000000
__Lbank14                     bank14       000000
__Lbank15                     bank15       000000
__Lbank2                      bank2        000000
__Lbank3                      bank3        000000
__Lbank4                      bank4        000000
__Lbank5                      bank5        000000
__Lbank6                      bank6        000000
__Lbank7                      bank7        000000
__Lbank8                      bank8        000000
__Lbank9                      bank9        000000
__Lbigbss                     bigbss       000000
__Lbigdata                    bigdata      000000
__Lbigram                     bigram       000000
__Lbss                        bss          000000
__LbssBANK1                   bssBANK1     000000
__LbssCOMRAM                  bssCOMRAM    000000
__Lcinit                      cinit        000000
__Lclrtext                    clrtext      000000
__Lcomram                     comram       000000
__Lconfig                     config       300000
__Lconst                      const        000000
__LcstackBANK0                cstackBANK0  000000
__LcstackBANK1                cstackBANK1  000000
__LcstackCOMRAM               cstackCOMRAM 000000
__Ldata                       data         000000
__LdataBANK0                  dataBANK0    000000
__LdataCOMRAM                 dataCOMRAM   000000
__Leeprom_data                eeprom_data  000000
__Lend_init                   end_init     000016
__Lfarbss                     farbss       000000
__Lfardata                    fardata      000000
__Libigdata                   ibigdata     000000
__Lidata                      idata        000000
__LidataBANK0                 idataBANK0   000000
__LidataCOMRAM                idataCOMRAM  000000
__Lidloc                      idloc        200000
__Lifardata                   ifardata     000000
__Linit                       init         000016
__Lintcode                    intcode      000008
__Lintcode_body               intcode_body 000000
__Lintcodelo                  intcodelo    000016
__Lintentry                   intentry     000000
__Lintret                     intret       000000
__Lintsave_regs               intsave_regs 000000
__Lirdata                     irdata       000000
__Lmediumconst                mediumconst  000000
__LnvFARRAM                   nvFARRAM     000000
__Lnvbit                      nvbit        000000
__Lnvrram                     nvrram       000000
__Lparam                      rparam       000000
__Lpowerup                    powerup      000016
__Lram                        ram          000000
__Lramtop                     ramtop       001000
__Lrbit                       rbit         000000
__Lrbss                       rbss         000000
__Lrdata                      rdata        000000
__Lreset_vec                  reset_vec    000000
__Lrparam                     rparam       000000
__Lsfr                        sfr          000000
__Lsmallconst                 smallconst   001000
__Lspace_0                    (abs)        000000
__Lspace_1                    (abs)        000000
__Lspace_2                    (abs)        000000
__Lstack                      stack        000000
__Lstruct                     struct       000000
__Ltemp                       temp         000068
__Ltext                       text         000000
__Ltext0                      text0        000000
__Ltext1                      text1        000000
__Ltext10                     text10       000000
__Ltext11                     text11       000000
__Ltext12                     text12       000000
__Ltext13                     text13       000000
__Ltext14                     text14       000000
__Ltext15                     text15       000000
__Ltext16                     text16       000000
__Ltext17                     text17       000000
__Ltext18                     text18       000000
__Ltext19                     text19       000000
__Ltext2                      text2        000000
__Ltext20                     text20       000000
__Ltext21                     text21       000000
__Ltext22                     text22       000000
__Ltext23                     text23       000000
__Ltext24                     text24       000000
__Ltext25                     text25       000000
__Ltext26                     text26       000000
__Ltext27                     text27       000000
__Ltext28                     text28       000000
__Ltext29                     text29       000000
__Ltext3                      text3        000000
__Ltext30                     text30       000000
__Ltext31                     text31       000000
__Ltext32                     text32       000000
__Ltext33                     text33       000000
__Ltext34                     text34       000000
__Ltext35                     text35       000000
__Ltext36                     text36       000000
__Ltext37                     text37       000000
__Ltext38                     text38       000000
__Ltext39                     text39       000000
__Ltext4                      text4        000000
__Ltext40                     text40       000000
__Ltext41                     text41       000000
__Ltext42                     text42       000000
__Ltext43                     text43       000000
__Ltext44                     text44       000000
__Ltext46                     text46       000000
__Ltext47                     text47       000000
__Ltext48                     text48       000000
__Ltext49                     text49       000000
__Ltext5                      text5        000000
__Ltext50                     text50       000000
__Ltext51                     text51       000000
__Ltext6                      text6        000000
__Ltext7                      text7        000000
__Ltext8                      text8        000000
__Ltext9                      text9        000000
__S0                          (abs)        30000E
__S1                          (abs)        000145
__S2                          (abs)        000000
___awdiv                      text7        003BDA
___awdiv@counter              cstackCOMRAM 00001C
___awdiv@dividend             cstackCOMRAM 000018
___awdiv@divisor              cstackCOMRAM 00001A
___awdiv@quotient             cstackCOMRAM 00001E
___awdiv@sign                 cstackCOMRAM 00001D
___awmod                      text6        003DD8
___awmod@counter              cstackCOMRAM 000047
___awmod@dividend             cstackCOMRAM 000043
___awmod@divisor              cstackCOMRAM 000045
___awmod@sign                 cstackCOMRAM 000048
___fladd                      text43       001C96
___fladd@a                    cstackBANK0  00009D
___fladd@aexp                 cstackBANK0  0000AA
___fladd@b                    cstackBANK0  000099
___fladd@bexp                 cstackBANK0  0000AB
___fladd@grs                  cstackBANK0  0000AC
___fladd@signs                cstackBANK0  0000A9
___fldiv                      text24       00298A
___fldiv@a                    cstackBANK0  000084
___fldiv@aexp                 cstackBANK0  000098
___fldiv@b                    cstackBANK0  000080
___fldiv@bexp                 cstackBANK0  000097
___fldiv@grs                  cstackBANK0  000093
___fldiv@new_exp              cstackBANK0  000091
___fldiv@rem                  cstackBANK0  00008D
___fldiv@sign                 cstackBANK0  00008C
___flge                       text42       0036C6
___flge@ff1                   cstackCOMRAM 000039
___flge@ff2                   cstackCOMRAM 00003D
___flmul                      text5        002D4A
___flmul@a                    cstackCOMRAM 000024
___flmul@aexp                 cstackCOMRAM 00002D
___flmul@b                    cstackCOMRAM 000020
___flmul@bexp                 cstackCOMRAM 000032
___flmul@grs                  cstackCOMRAM 00002E
___flmul@prod                 cstackCOMRAM 000033
___flmul@sign                 cstackCOMRAM 00002C
___flmul@temp                 cstackCOMRAM 000037
___flneg                      text13       004216
___flneg@f1                   cstackCOMRAM 000018
___flsub                      text12       004096
___flsub@a                    cstackBANK0  0000B1
___flsub@b                    cstackBANK0  0000AD
___fltol                      text41       003904
___fltol@exp1                 cstackCOMRAM 000042
___fltol@f1                   cstackCOMRAM 000039
___fltol@sign1                cstackCOMRAM 000041
___inthi_sp                   stack        000000
___intlo_sp                   stack        000000
___lldiv                      text11       003C5E
___lldiv@counter              cstackCOMRAM 000024
___lldiv@dividend             cstackCOMRAM 000018
___lldiv@divisor              cstackCOMRAM 00001C
___lldiv@quotient             cstackCOMRAM 000020
___llmod                      text10       003EB8
___llmod@counter              cstackCOMRAM 00002D
___llmod@dividend             cstackCOMRAM 000025
___llmod@divisor              cstackCOMRAM 000029
___lwmod                      text47       004168
___lwmod@counter              cstackCOMRAM 000005
___lwmod@dividend             cstackCOMRAM 000001
___lwmod@divisor              cstackCOMRAM 000003
___param_bank                 (abs)        000010
___rparam_used                (abs)        000001
___sp                         stack        000000
___wmul                       text23       0042F8
___wmul@multiplicand          cstackCOMRAM 00001A
___wmul@multiplier            cstackCOMRAM 000018
___wmul@product               cstackCOMRAM 00001C
___xxtofl                     text40       00331C
___xxtofl@arg                 cstackCOMRAM 00004D
___xxtofl@exp                 cstackCOMRAM 00004C
___xxtofl@sign                cstackCOMRAM 00004B
___xxtofl@val                 cstackCOMRAM 000043
__accesstop                   (abs)        000080
__activetblptr                (abs)        000002
__div_to_l_                   text9        00359E
__div_to_l_@cntr              cstackCOMRAM 000024
__div_to_l_@exp1              cstackCOMRAM 000025
__div_to_l_@f1                cstackCOMRAM 000018
__div_to_l_@f2                cstackCOMRAM 00001C
__div_to_l_@quot              cstackCOMRAM 000020
__end_of_RX_isr               text51       0042CE
__end_of_Timer1_isr           text48       003D5E
__end_of___awdiv              text7        003C5E
__end_of___awmod              text6        003E48
__end_of___fladd              text43       00213E
__end_of___fldiv              text24       002D4A
__end_of___flge               text42       0037E6
__end_of___flmul              text5        00309A
__end_of___flneg              text13       004244
__end_of___flsub              text12       0040DE
__end_of___fltol              text41       0039E0
__end_of___lldiv              text11       003CE0
__end_of___llmod              text10       003F1E
__end_of___lwmod              text47       0041AA
__end_of___wmul               text23       00431E
__end_of___xxtofl             text40       00346C
__end_of__div_to_l_           text9        0036C6
__end_of__initialization      cinit        003FD2
__end_of__npowers_            smallconst   001035
__end_of__powers_             smallconst   001069
__end_of__tdiv_to_l_          text8        00359E
__end_of_delay_cycles         text31       0042A0
__end_of_delay_ms             text32       0043B0
__end_of_display7seg          text44       003EB8
__end_of_dpowers              smallconst   001091
__end_of_examine              text46       004040
__end_of_floor                text38       003904
__end_of_frexp                text39       003DD8
__end_of_fround               text4        00331C
__end_of_highIsr              intcode_body 003AA4
__end_of_initTimers01         text36       004216
__end_of_init_adc_no_lib      text35       004452
__end_of_init_pwm1            text34       004446
__end_of_is_byte_available    text33       004426
__end_of_isdigit              text3        0043F0
__end_of_lcd_gotoxy           text27       004168
__end_of_lcd_init             text28       003F80
__end_of_lcd_putc             text26       004096
__end_of_lcd_puts             text25       00438C
__end_of_lcd_send_byte        text29       004126
__end_of_lcd_send_nibble      text30       0043D2
__end_of_main                 text0        002572
__end_of_read_adc_raw_no_lib  text22       0041E4
__end_of_read_adc_temp        text21       003B52
__end_of_read_adc_voltage     text20       003BDA
__end_of_read_byte_no_lib     text19       00446E
__end_of_reloadTimer1         text37       00445C
__end_of_scale                text2        00298A
__end_of_send_byte_no_lib     text18       004436
__end_of_send_string_no_lib   text17       0042F8
__end_of_set_pwm1_raw         text16       004272
__end_of_setupPorts           text15       00440E
__end_of_setupSerial          text14       004368
__end_of_sprintf              text1        001C96
__end_ofi2___wmul             text50       004344
__end_ofi2_reloadTimer1       text49       004466
__initialization              cinit        003F80
__mediumconst                 mediumconst  000000
__npowers_                    smallconst   001001
__pbssBANK1                   bssBANK1     000143
__pbssCOMRAM                  bssCOMRAM    000053
__pcinit                      cinit        003F80
__pcstackBANK0                cstackBANK0  000080
__pcstackBANK1                cstackBANK1  000100
__pcstackCOMRAM               cstackCOMRAM 000001
__pdataBANK0                  dataBANK0    0000E0
__pdataCOMRAM                 dataCOMRAM   000061
__pidataBANK0                 idataBANK0   004475
__pidataCOMRAM                idataCOMRAM  00446E
__pintcode                    intcode      000008
__pintcode_body               intcode_body 0039E0
__powers_                     smallconst   001035
__psmallconst                 smallconst   001000
__ptext0                      text0        00213E
__ptext1                      text1        0010E8
__ptext10                     text10       003EB8
__ptext11                     text11       003C5E
__ptext12                     text12       004096
__ptext13                     text13       004216
__ptext14                     text14       004344
__ptext15                     text15       0043F0
__ptext16                     text16       004244
__ptext17                     text17       0042CE
__ptext18                     text18       004426
__ptext19                     text19       004466
__ptext2                      text2        002572
__ptext20                     text20       003B52
__ptext21                     text21       003AA4
__ptext22                     text22       0041AA
__ptext23                     text23       0042F8
__ptext24                     text24       00298A
__ptext25                     text25       004368
__ptext26                     text26       004040
__ptext27                     text27       004126
__ptext28                     text28       003F1E
__ptext29                     text29       0040DE
__ptext3                      text3        0043D2
__ptext30                     text30       0043B0
__ptext31                     text31       004272
__ptext32                     text32       00438C
__ptext33                     text33       00440E
__ptext34                     text34       004436
__ptext35                     text35       004446
__ptext36                     text36       0041E4
__ptext37                     text37       004452
__ptext38                     text38       0037E6
__ptext39                     text39       003D5E
__ptext4                      text4        00309A
__ptext40                     text40       00331C
__ptext41                     text41       003904
__ptext42                     text42       0036C6
__ptext43                     text43       001C96
__ptext44                     text44       003E48
__ptext46                     text46       003FE0
__ptext47                     text47       004168
__ptext48                     text48       003CE0
__ptext49                     text49       00445C
__ptext5                      text5        002D4A
__ptext50                     text50       00431E
__ptext51                     text51       0042A0
__ptext6                      text6        003DD8
__ptext7                      text7        003BDA
__ptext8                      text8        00346C
__ptext9                      text9        00359E
__ramtop                      ramtop       001000
__size_of_RX_isr              (abs)        000000
__size_of_Timer1_isr          (abs)        000000
__size_of___awdiv             (abs)        000000
__size_of___awmod             (abs)        000000
__size_of___fladd             (abs)        000000
__size_of___fldiv             (abs)        000000
__size_of___flge              (abs)        000000
__size_of___flmul             (abs)        000000
__size_of___flneg             (abs)        000000
__size_of___flsub             (abs)        000000
__size_of___fltol             (abs)        000000
__size_of___lldiv             (abs)        000000
__size_of___llmod             (abs)        000000
__size_of___lwmod             (abs)        000000
__size_of___wmul              (abs)        000000
__size_of___xxtofl            (abs)        000000
__size_of__div_to_l_          (abs)        000000
__size_of__tdiv_to_l_         (abs)        000000
__size_of_delay_cycles        (abs)        000000
__size_of_delay_ms            (abs)        000000
__size_of_display7seg         (abs)        000000
__size_of_examine             (abs)        000000
__size_of_floor               (abs)        000000
__size_of_frexp               (abs)        000000
__size_of_fround              (abs)        000000
__size_of_highIsr             (abs)        000000
__size_of_initTimers01        (abs)        000000
__size_of_init_adc_no_lib     (abs)        000000
__size_of_init_pwm1           (abs)        000000
__size_of_is_byte_available   (abs)        000000
__size_of_isdigit             (abs)        000000
__size_of_lcd_gotoxy          (abs)        000000
__size_of_lcd_init            (abs)        000000
__size_of_lcd_putc            (abs)        000000
__size_of_lcd_puts            (abs)        000000
__size_of_lcd_send_byte       (abs)        000000
__size_of_lcd_send_nibble     (abs)        000000
__size_of_main                (abs)        000000
__size_of_read_adc_raw_no_lib (abs)        000000
__size_of_read_adc_temp       (abs)        000000
__size_of_read_adc_voltage    (abs)        000000
__size_of_read_byte_no_lib    (abs)        000000
__size_of_reloadTimer1        (abs)        000000
__size_of_scale               (abs)        000000
__size_of_send_byte_no_lib    (abs)        000000
__size_of_send_string_no_lib  (abs)        000000
__size_of_set_pwm1_raw        (abs)        000000
__size_of_setupPorts          (abs)        000000
__size_of_setupSerial         (abs)        000000
__size_of_sprintf             (abs)        000000
__size_ofi2___wmul            (abs)        000000
__size_ofi2_reloadTimer1      (abs)        000000
__smallconst                  smallconst   001000
__tdiv_to_l_                  text8        00346C
__tdiv_to_l_@cntr             cstackCOMRAM 000027
__tdiv_to_l_@exp1             cstackCOMRAM 000028
__tdiv_to_l_@f1               cstackCOMRAM 000018
__tdiv_to_l_@f2               cstackCOMRAM 00001C
__tdiv_to_l_@quot             cstackCOMRAM 000023
_count_t1                     bssCOMRAM    000055
_count_t2                     bssCOMRAM    000057
_delay_cycles                 text31       004272
_delay_ms                     text32       00438C
_display7seg                  text44       003E48
_dpowers                      smallconst   001069
_errno                        bssCOMRAM    000059
_examine                      text46       003FE0
_f                            bssBANK1     000143
_floor                        text38       0037E6
_frexp                        text39       003D5E
_fround                       text4        00309A
_fround$2151                  cstackBANK0  000084
_fround$2152                  cstackBANK0  000080
_highIsr                      intcode      000008
_initTimers01                 text36       0041E4
_init_adc_no_lib              text35       004446
_init_pwm1                    text34       004436
_is_byte_available            text33       00440E
_isdigit                      text3        0043D2
_isdigit$1798                 cstackCOMRAM 000019
_lcd                          (abs)        000F83
_lcd_gotoxy                   text27       004126
_lcd_init                     text28       003F1E
_lcd_putc                     text26       004040
_lcd_puts                     text25       004368
_lcd_send_byte                text29       0040DE
_lcd_send_nibble              text30       0043B0
_main                         text0        00213E
_main$2149                    cstackBANK1  000120
_main$2150                    cstackBANK1  000124
_p2                           bssCOMRAM    00005B
_read_adc_raw_no_lib          text22       0041AA
_read_adc_temp                text21       003AA4
_read_adc_voltage             text20       003B52
_read_byte_no_lib             text19       004466
_reloadTimer1                 text37       004452
_scale                        text2        002572
_scale$2153                   cstackCOMRAM 00004D
_send_byte_no_lib             text18       004426
_send_string_no_lib           text17       0042CE
_set_pwm1_raw                 text16       004244
_setupPorts                   text15       0043F0
_setupSerial                  text14       004344
_size                         bssCOMRAM    00005D
_sprintf                      text1        0010E8
_sprintf$2154                 cstackBANK0  0000C5
_strr                         dataCOMRAM   000065
_tes                          dataBANK0    0000E0
_test0                        bssCOMRAM    000060
btemp                         temp         000068
delay_cycles@n                cstackCOMRAM 00001B
delay_cycles@x                cstackCOMRAM 00001C
delay_ms@n                    cstackCOMRAM 000018
delay_ms@x                    cstackCOMRAM 00001A
display7seg@v                 cstackCOMRAM 000018
end_of_initialization         cinit        003FD2
floor@expon                   cstackBANK0  0000B5
floor@i                       cstackBANK0  0000B1
floor@x                       cstackBANK0  0000AD
frexp@eptr                    cstackCOMRAM 00001C
frexp@value                   cstackCOMRAM 000018
fround@prec                   cstackBANK0  000088
i2___wmul                     text50       00431E
i2___wmul@multiplicand        cstackCOMRAM 000003
i2___wmul@multiplier          cstackCOMRAM 000001
i2___wmul@product             cstackCOMRAM 000005
i2_reloadTimer1               text49       00445C
int$flags                     temp         000068
int_func                      intcode_body 0039E0
intlevel0                     text         000000
intlevel1                     text         000000
intlevel2                     text         000000
intlevel3                     text         000000
isdigit@c                     cstackCOMRAM 00001A
lcd_gotoxy@address            cstackCOMRAM 000024
lcd_gotoxy@x                  cstackCOMRAM 000023
lcd_gotoxy@y                  cstackCOMRAM 000022
lcd_init@i                    cstackCOMRAM 000022
lcd_putc@c                    cstackCOMRAM 000025
lcd_puts@s                    cstackCOMRAM 000026
lcd_send_byte@cm_data         cstackCOMRAM 000021
lcd_send_byte@n               cstackCOMRAM 000020
lcd_send_nibble@n             cstackCOMRAM 00001F
main@AN                       cstackBANK1  000135
main@Buffer                   cstackBANK1  000100
main@RecvedChar               cstackBANK1  000141
main@SendToSerial             cstackBANK1  00012A
main@channel                  cstackBANK1  000142
main@flag                     cstackBANK1  000133
main@raw_val                  cstackBANK1  000128
main@threshold                cstackBANK1  00012B
main@voltage                  cstackBANK1  00012F
read_adc_raw_no_lib@channel   cstackCOMRAM 00001C
read_adc_raw_no_lib@raw_value cstackCOMRAM 00001D
read_adc_temp@channel         cstackBANK0  0000B5
read_adc_temp@raw_value       cstackBANK0  0000B6
read_adc_temp@temp            cstackBANK0  0000B1
read_adc_voltage@channel      cstackBANK0  0000A1
read_adc_voltage@raw_value    cstackBANK0  0000A2
read_adc_voltage@voltage      cstackBANK0  00009D
read_byte_no_lib@c            cstackCOMRAM 000018
scale@scl                     cstackCOMRAM 000051
send_byte_no_lib@c            cstackCOMRAM 000018
send_string_no_lib@p          cstackCOMRAM 000019
set_pwm1_raw@raw_value        cstackCOMRAM 000018
setupSerial@dummy             cstackCOMRAM 000018
sprintf@ap                    cstackBANK0  0000C9
sprintf@c                     cstackBANK0  0000DF
sprintf@exp                   cstackBANK0  0000D7
sprintf@f                     cstackBANK0  0000B9
sprintf@flag                  cstackBANK0  0000CB
sprintf@fval                  cstackBANK0  0000D9
sprintf@prec                  cstackBANK0  0000DD
sprintf@sp                    cstackBANK0  0000B7
sprintf@tmpval                cstackBANK0  0000CF
sprintf@val                   cstackBANK0  0000D3
sprintf@width                 cstackBANK0  0000CD
stackhi                       (abs)        000F7F
stacklo                       (abs)        000145
start                         init         000016
start_initialization          cinit        003F80


FUNCTION INFORMATION:

 *************** function _main *****************
 Defined at:
		line 141 in file "pwm_asl.c"
 Parameters:    Size  Location     Type
		None
 Auto vars:     Size  Location     Type
  Buffer         32    0[BANK1 ] unsigned char [32]
  AN             12   53[BANK1 ] float [3]
  voltage         4   47[BANK1 ] float 
  threshold       4   43[BANK1 ] float 
  flag            2   51[BANK1 ] int 
  raw_val         2   40[BANK1 ] int 
  channel         1   66[BANK1 ] unsigned char 
  RecvedChar      1   65[BANK1 ] unsigned char 
  SendToSerial    1   42[BANK1 ] unsigned char 
 Return value:  Size  Location     Type
                  1    wreg      void 
 Registers used:
		wreg, fsr2l, fsr2h, status,2, status,0, tblptrl, tblptrh, tblptru, prodl, prodh, cstack
 Tracked objects:
		On entry : 
		On exit  : 
		Unchanged: 
 Data sizes:     COMRAM   BANK0   BANK1   BANK2   BANK3   BANK4   BANK5   BANK6   BANK7   BANK8   BANK9  BANK10  BANK11  BANK12  BANK13  BANK14  BANK15
      Params:         0       0       0       0       0       0       0       0       0       0       0       0       0       0       0       0       0
      Locals:         0       0      67       0       0       0       0       0       0       0       0       0       0       0       0       0       0
      Temps:          1       0       0       0       0       0       0       0       0       0       0       0       0       0       0       0       0
      Totals:         1       0      67       0       0       0       0       0       0       0       0       0       0       0       0       0       0
Total ram usage:       68 bytes
 Hardware stack levels required when called:    9
 This function calls:
		___awmod
		___fladd
		___flge
		___flmul
		___fltol
		_delay_ms
		_display7seg
		_floor
		_initTimers01
		_init_adc_no_lib
		_init_pwm1
		_is_byte_available
		_lcd_gotoxy
		_lcd_init
		_lcd_putc
		_lcd_puts
		_read_adc_raw_no_lib
		_read_adc_temp
		_read_adc_voltage
		_read_byte_no_lib
		_send_string_no_lib
		_set_pwm1_raw
		_setupPorts
		_setupSerial
		_sprintf
 This function is called by:
		Startup code after reset
 This function uses a non-reentrant model


 *************** function _sprintf *****************
 Defined at:
		line 492 in file "C:\Program Files (x86)\Microchip\xc8\v1.37\sources\common\doprnt.c"
 Parameters:    Size  Location     Type
  sp              2   55[BANK0 ] PTR unsigned char 
		 -> main@Buffer(32), 
  f               2   57[BANK0 ] PTR const unsigned char 
		 -> STR_7(13), STR_5(13), STR_4(21), STR_3(13), 
		 -> STR_2(13), STR_1(16), 
 Auto vars:     Size  Location     Type
  fval            4   89[BANK0 ] PTR const unsigned char 
  val             4   83[BANK0 ] unsigned long 
  tmpval          4   79[BANK0 ] struct .
  cp              3    0        PTR const unsigned char 
  prec            2   93[BANK0 ] int 
  exp             2   87[BANK0 ] int 
  width           2   77[BANK0 ] int 
  flag            2   75[BANK0 ] unsigned short 
  ap              2   73[BANK0 ] PTR void [1]
		 -> ?_sprintf(2), 
  len             2    0        unsigned int 
  c               1   95[BANK0 ] char 
  d               1    0        unsigned char 
 Return value:  Size  Location     Type
                  2   55[BANK0 ] int 
 Registers used:
		wreg, fsr2l, fsr2h, status,2, status,0, tblptrl, tblptrh, tblptru, prodl, prodh, cstack
 Tracked objects:
		On entry : 
		On exit  : 
		Unchanged: 
 Data sizes:     COMRAM   BANK0   BANK1   BANK2   BANK3   BANK4   BANK5   BANK6   BANK7   BANK8   BANK9  BANK10  BANK11  BANK12  BANK13  BANK14  BANK15
      Params:         0      10       0       0       0       0       0       0       0       0       0       0       0       0       0       0       0
      Locals:         0      27       0       0       0       0       0       0       0       0       0       0       0       0       0       0       0
      Temps:          0       4       0       0       0       0       0       0       0       0       0       0       0       0       0       0       0
      Totals:         0      41       0       0       0       0       0       0       0       0       0       0       0       0       0       0       0
Total ram usage:       41 bytes
 Hardware stack levels used:    1
 Hardware stack levels required when called:    5
 This function calls:
		___awdiv
		___fladd
		___flge
		___flmul
		___flneg
		___flsub
		___fltol
		___lldiv
		___llmod
		___wmul
		___xxtofl
		__div_to_l_
		__tdiv_to_l_
		_fround
		_isdigit
		_scale
 This function is called by:
		_main
 This function uses a non-reentrant model


 *************** function _scale *****************
 Defined at:
		line 425 in file "C:\Program Files (x86)\Microchip\xc8\v1.37\sources\common\doprnt.c"
 Parameters:    Size  Location     Type
  scl             1    wreg     char 
 Auto vars:     Size  Location     Type
  scl             1   80[COMRAM] char 
 Return value:  Size  Location     Type
                  4   72[COMRAM] char 
 Registers used:
		wreg, status,2, status,0, tblptrl, tblptrh, tblptru, prodl, prodh, cstack
 Tracked objects:
		On entry : 
		On exit  : 
		Unchanged: 
 Data sizes:     COMRAM   BANK0   BANK1   BANK2   BANK3   BANK4   BANK5   BANK6   BANK7   BANK8   BANK9  BANK10  BANK11  BANK12  BANK13  BANK14  BANK15
      Params:         4       0       0       0       0       0       0       0       0       0       0       0       0       0       0       0       0
      Locals:         5       0       0       0       0       0       0       0       0       0       0       0       0       0       0       0       0
      Temps:          0       0       0       0       0       0       0       0       0       0       0       0       0       0       0       0       0
      Totals:         9       0       0       0       0       0       0       0       0       0       0       0       0       0       0       0       0
Total ram usage:        9 bytes
 Hardware stack levels used:    1
 Hardware stack levels required when called:    4
 This function calls:
		___awdiv
		___awmod
		___flmul
 This function is called by:
		_sprintf
 This function uses a non-reentrant model


 *************** function _isdigit *****************
 Defined at:
		line 8 in file "C:\Program Files (x86)\Microchip\xc8\v1.37\sources\common\isdigit.c"
 Parameters:    Size  Location     Type
  c               1    wreg     unsigned char 
 Auto vars:     Size  Location     Type
  c               1   25[COMRAM] unsigned char 
 Return value:  Size  Location     Type
		None               void
 Registers used:
		wreg, status,2, status,0
 Tracked objects:
		On entry : 
		On exit  : 
		Unchanged: 
 Data sizes:     COMRAM   BANK0   BANK1   BANK2   BANK3   BANK4   BANK5   BANK6   BANK7   BANK8   BANK9  BANK10  BANK11  BANK12  BANK13  BANK14  BANK15
      Params:         0       0       0       0       0       0       0       0       0       0       0       0       0       0       0       0       0
      Locals:         2       0       0       0       0       0       0       0       0       0       0       0       0       0       0       0       0
      Temps:          1       0       0       0       0       0       0       0       0       0       0       0       0       0       0       0       0
      Totals:         3       0       0       0       0       0       0       0       0       0       0       0       0       0       0       0       0
Total ram usage:        3 bytes
 Hardware stack levels used:    1
 Hardware stack levels required when called:    3
 This function calls:
		Nothing
 This function is called by:
		_sprintf
 This function uses a non-reentrant model


 *************** function _fround *****************
 Defined at:
		line 409 in file "C:\Program Files (x86)\Microchip\xc8\v1.37\sources\common\doprnt.c"
 Parameters:    Size  Location     Type
  prec            1    wreg     unsigned char 
 Auto vars:     Size  Location     Type
  prec            1    8[BANK0 ] unsigned char 
 Return value:  Size  Location     Type
                  4   72[COMRAM] unsigned char 
 Registers used:
		wreg, status,2, status,0, tblptrl, tblptrh, tblptru, prodl, prodh, cstack
 Tracked objects:
		On entry : 
		On exit  : 
		Unchanged: 
 Data sizes:     COMRAM   BANK0   BANK1   BANK2   BANK3   BANK4   BANK5   BANK6   BANK7   BANK8   BANK9  BANK10  BANK11  BANK12  BANK13  BANK14  BANK15
      Params:         4       0       0       0       0       0       0       0       0       0       0       0       0       0       0       0       0
      Locals:         0       9       0       0       0       0       0       0       0       0       0       0       0       0       0       0       0
      Temps:          0       0       0       0       0       0       0       0       0       0       0       0       0       0       0       0       0
      Totals:         4       9       0       0       0       0       0       0       0       0       0       0       0       0       0       0       0
Total ram usage:       13 bytes
 Hardware stack levels used:    1
 Hardware stack levels required when called:    4
 This function calls:
		___awdiv
		___awmod
		___flmul
 This function is called by:
		_sprintf
 This function uses a non-reentrant model


 *************** function ___flmul *****************
 Defined at:
		line 8 in file "C:\Program Files (x86)\Microchip\xc8\v1.37\sources\common\sprcmul.c"
 Parameters:    Size  Location     Type
  b               4   31[COMRAM] unsigned char 
  a               4   35[COMRAM] unsigned char 
 Auto vars:     Size  Location     Type
  prod            4   50[COMRAM] struct .
  grs             4   45[COMRAM] unsigned long 
  temp            2   54[COMRAM] struct .
  bexp            1   49[COMRAM] unsigned char 
  aexp            1   44[COMRAM] unsigned char 
  sign            1   43[COMRAM] unsigned char 
 Return value:  Size  Location     Type
                  4   31[COMRAM] unsigned char 
 Registers used:
		wreg, status,2, status,0, prodl, prodh
 Tracked objects:
		On entry : 
		On exit  : 
		Unchanged: 
 Data sizes:     COMRAM   BANK0   BANK1   BANK2   BANK3   BANK4   BANK5   BANK6   BANK7   BANK8   BANK9  BANK10  BANK11  BANK12  BANK13  BANK14  BANK15
      Params:         8       0       0       0       0       0       0       0       0       0       0       0       0       0       0       0       0
      Locals:        13       0       0       0       0       0       0       0       0       0       0       0       0       0       0       0       0
      Temps:          4       0       0       0       0       0       0       0       0       0       0       0       0       0       0       0       0
      Totals:        25       0       0       0       0       0       0       0       0       0       0       0       0       0       0       0       0
Total ram usage:       25 bytes
 Hardware stack levels used:    1
 Hardware stack levels required when called:    3
 This function calls:
		Nothing
 This function is called by:
		_main
		_fround
		_scale
		_sprintf
		_set_pwm1_percent
		_set_pwm1_voltage
		_set_pwm1_general
 This function uses a non-reentrant model


 *************** function ___awmod *****************
 Defined at:
		line 8 in file "C:\Program Files (x86)\Microchip\xc8\v1.37\sources\common\awmod.c"
 Parameters:    Size  Location     Type
  dividend        2   66[COMRAM] int 
  divisor         2   68[COMRAM] int 
 Auto vars:     Size  Location     Type
  sign            1   71[COMRAM] unsigned char 
  counter         1   70[COMRAM] unsigned char 
 Return value:  Size  Location     Type
                  2   66[COMRAM] int 
 Registers used:
		wreg, status,2, status,0
 Tracked objects:
		On entry : 
		On exit  : 
		Unchanged: 
 Data sizes:     COMRAM   BANK0   BANK1   BANK2   BANK3   BANK4   BANK5   BANK6   BANK7   BANK8   BANK9  BANK10  BANK11  BANK12  BANK13  BANK14  BANK15
      Params:         4       0       0       0       0       0       0       0       0       0       0       0       0       0       0       0       0
      Locals:         2       0       0       0       0       0       0       0       0       0       0       0       0       0       0       0       0
      Temps:          0       0       0       0       0       0       0       0       0       0       0       0       0       0       0       0       0
      Totals:         6       0       0       0       0       0       0       0       0       0       0       0       0       0       0       0       0
Total ram usage:        6 bytes
 Hardware stack levels used:    1
 Hardware stack levels required when called:    3
 This function calls:
		Nothing
 This function is called by:
		_main
		_fround
		_scale
 This function uses a non-reentrant model


 *************** function ___awdiv *****************
 Defined at:
		line 8 in file "C:\Program Files (x86)\Microchip\xc8\v1.37\sources\common\awdiv.c"
 Parameters:    Size  Location     Type
  dividend        2   23[COMRAM] int 
  divisor         2   25[COMRAM] int 
 Auto vars:     Size  Location     Type
  quotient        2   29[COMRAM] int 
  sign            1   28[COMRAM] unsigned char 
  counter         1   27[COMRAM] unsigned char 
 Return value:  Size  Location     Type
                  2   23[COMRAM] int 
 Registers used:
		wreg, status,2, status,0
 Tracked objects:
		On entry : 
		On exit  : 
		Unchanged: 
 Data sizes:     COMRAM   BANK0   BANK1   BANK2   BANK3   BANK4   BANK5   BANK6   BANK7   BANK8   BANK9  BANK10  BANK11  BANK12  BANK13  BANK14  BANK15
      Params:         4       0       0       0       0       0       0       0       0       0       0       0       0       0       0       0       0
      Locals:         4       0       0       0       0       0       0       0       0       0       0       0       0       0       0       0       0
      Temps:          0       0       0       0       0       0       0       0       0       0       0       0       0       0       0       0       0
      Totals:         8       0       0       0       0       0       0       0       0       0       0       0       0       0       0       0       0
Total ram usage:        8 bytes
 Hardware stack levels used:    1
 Hardware stack levels required when called:    3
 This function calls:
		Nothing
 This function is called by:
		_fround
		_scale
		_sprintf
 This function uses a non-reentrant model


 *************** function __tdiv_to_l_ *****************
 Defined at:
		line 60 in file "C:\Program Files (x86)\Microchip\xc8\v1.37\sources\common\ftdivl.c"
 Parameters:    Size  Location     Type
  f1              4   23[COMRAM] float 
  f2              4   27[COMRAM] float 
 Auto vars:     Size  Location     Type
  quot            4   34[COMRAM] unsigned long 
  exp1            1   39[COMRAM] unsigned char 
  cntr            1   38[COMRAM] unsigned char 
 Return value:  Size  Location     Type
                  4   23[COMRAM] unsigned long 
 Registers used:
		wreg, status,2, status,0
 Tracked objects:
		On entry : 
		On exit  : 
		Unchanged: 
 Data sizes:     COMRAM   BANK0   BANK1   BANK2   BANK3   BANK4   BANK5   BANK6   BANK7   BANK8   BANK9  BANK10  BANK11  BANK12  BANK13  BANK14  BANK15
      Params:         8       0       0       0       0       0       0       0       0       0       0       0       0       0       0       0       0
      Locals:         6       0       0       0       0       0       0       0       0       0       0       0       0       0       0       0       0
      Temps:          3       0       0       0       0       0       0       0       0       0       0       0       0       0       0       0       0
      Totals:        17       0       0       0       0       0       0       0       0       0       0       0       0       0       0       0       0
Total ram usage:       17 bytes
 Hardware stack levels used:    1
 Hardware stack levels required when called:    3
 This function calls:
		Nothing
 This function is called by:
		_sprintf
 This function uses a non-reentrant model


 *************** function __div_to_l_ *****************
 Defined at:
		line 60 in file "C:\Program Files (x86)\Microchip\xc8\v1.37\sources\common\fldivl.c"
 Parameters:    Size  Location     Type
  f1              4   23[COMRAM] unsigned long 
  f2              4   27[COMRAM] unsigned long 
 Auto vars:     Size  Location     Type
  quot            4   31[COMRAM] unsigned long 
  exp1            1   36[COMRAM] unsigned char 
  cntr            1   35[COMRAM] unsigned char 
 Return value:  Size  Location     Type
                  4   23[COMRAM] unsigned long 
 Registers used:
		wreg, status,2, status,0
 Tracked objects:
		On entry : 
		On exit  : 
		Unchanged: 
 Data sizes:     COMRAM   BANK0   BANK1   BANK2   BANK3   BANK4   BANK5   BANK6   BANK7   BANK8   BANK9  BANK10  BANK11  BANK12  BANK13  BANK14  BANK15
      Params:         8       0       0       0       0       0       0       0       0       0       0       0       0       0       0       0       0
      Locals:         6       0       0       0       0       0       0       0       0       0       0       0       0       0       0       0       0
      Temps:          0       0       0       0       0       0       0       0       0       0       0       0       0       0       0       0       0
      Totals:        14       0       0       0       0       0       0       0       0       0       0       0       0       0       0       0       0
Total ram usage:       14 bytes
 Hardware stack levels used:    1
 Hardware stack levels required when called:    3
 This function calls:
		Nothing
 This function is called by:
		_sprintf
 This function uses a non-reentrant model


 *************** function ___llmod *****************
 Defined at:
		line 8 in file "C:\Program Files (x86)\Microchip\xc8\v1.37\sources\common\llmod.c"
 Parameters:    Size  Location     Type
  dividend        4   36[COMRAM] unsigned long 
  divisor         4   40[COMRAM] unsigned long 
 Auto vars:     Size  Location     Type
  counter         1   44[COMRAM] unsigned char 
 Return value:  Size  Location     Type
                  4   36[COMRAM] unsigned long 
 Registers used:
		wreg, status,2, status,0
 Tracked objects:
		On entry : 
		On exit  : 
		Unchanged: 
 Data sizes:     COMRAM   BANK0   BANK1   BANK2   BANK3   BANK4   BANK5   BANK6   BANK7   BANK8   BANK9  BANK10  BANK11  BANK12  BANK13  BANK14  BANK15
      Params:         8       0       0       0       0       0       0       0       0       0       0       0       0       0       0       0       0
      Locals:         1       0       0       0       0       0       0       0       0       0       0       0       0       0       0       0       0
      Temps:          0       0       0       0       0       0       0       0       0       0       0       0       0       0       0       0       0
      Totals:         9       0       0       0       0       0       0       0       0       0       0       0       0       0       0       0       0
Total ram usage:        9 bytes
 Hardware stack levels used:    1
 Hardware stack levels required when called:    3
 This function calls:
		Nothing
 This function is called by:
		_sprintf
 This function uses a non-reentrant model


 *************** function ___lldiv *****************
 Defined at:
		line 8 in file "C:\Program Files (x86)\Microchip\xc8\v1.37\sources\common\lldiv.c"
 Parameters:    Size  Location     Type
  dividend        4   23[COMRAM] unsigned long 
  divisor         4   27[COMRAM] unsigned long 
 Auto vars:     Size  Location     Type
  quotient        4   31[COMRAM] unsigned long 
  counter         1   35[COMRAM] unsigned char 
 Return value:  Size  Location     Type
                  4   23[COMRAM] unsigned long 
 Registers used:
		wreg, status,2, status,0
 Tracked objects:
		On entry : 
		On exit  : 
		Unchanged: 
 Data sizes:     COMRAM   BANK0   BANK1   BANK2   BANK3   BANK4   BANK5   BANK6   BANK7   BANK8   BANK9  BANK10  BANK11  BANK12  BANK13  BANK14  BANK15
      Params:         8       0       0       0       0       0       0       0       0       0       0       0       0       0       0       0       0
      Locals:         5       0       0       0       0       0       0       0       0       0       0       0       0       0       0       0       0
      Temps:          0       0       0       0       0       0       0       0       0       0       0       0       0       0       0       0       0
      Totals:        13       0       0       0       0       0       0       0       0       0       0       0       0       0       0       0       0
Total ram usage:       13 bytes
 Hardware stack levels used:    1
 Hardware stack levels required when called:    3
 This function calls:
		Nothing
 This function is called by:
		_sprintf
 This function uses a non-reentrant model


 *************** function ___flsub *****************
 Defined at:
		line 245 in file "C:\Program Files (x86)\Microchip\xc8\v1.37\sources\common\sprcadd.c"
 Parameters:    Size  Location     Type
  b               4   45[BANK0 ] unsigned long 
  a               4   49[BANK0 ] unsigned long 
 Auto vars:     Size  Location     Type
		None
 Return value:  Size  Location     Type
                  4   45[BANK0 ] unsigned long 
 Registers used:
		wreg, status,2, status,0, cstack
 Tracked objects:
		On entry : 
		On exit  : 
		Unchanged: 
 Data sizes:     COMRAM   BANK0   BANK1   BANK2   BANK3   BANK4   BANK5   BANK6   BANK7   BANK8   BANK9  BANK10  BANK11  BANK12  BANK13  BANK14  BANK15
      Params:         0       8       0       0       0       0       0       0       0       0       0       0       0       0       0       0       0
      Locals:         0       0       0       0       0       0       0       0       0       0       0       0       0       0       0       0       0
      Temps:          0       0       0       0       0       0       0       0       0       0       0       0       0       0       0       0       0
      Totals:         0       8       0       0       0       0       0       0       0       0       0       0       0       0       0       0       0
Total ram usage:        8 bytes
 Hardware stack levels used:    1
 Hardware stack levels required when called:    4
 This function calls:
		___fladd
 This function is called by:
		_sprintf
 This function uses a non-reentrant model


 *************** function ___flneg *****************
 Defined at:
		line 15 in file "C:\Program Files (x86)\Microchip\xc8\v1.37\sources\common\flneg.c"
 Parameters:    Size  Location     Type
  f1              4   23[COMRAM] unsigned long 
 Auto vars:     Size  Location     Type
		None
 Return value:  Size  Location     Type
                  4   23[COMRAM] unsigned long 
 Registers used:
		wreg, status,2, status,0
 Tracked objects:
		On entry : 
		On exit  : 
		Unchanged: 
 Data sizes:     COMRAM   BANK0   BANK1   BANK2   BANK3   BANK4   BANK5   BANK6   BANK7   BANK8   BANK9  BANK10  BANK11  BANK12  BANK13  BANK14  BANK15
      Params:         4       0       0       0       0       0       0       0       0       0       0       0       0       0       0       0       0
      Locals:         0       0       0       0       0       0       0       0       0       0       0       0       0       0       0       0       0
      Temps:          0       0       0       0       0       0       0       0       0       0       0       0       0       0       0       0       0
      Totals:         4       0       0       0       0       0       0       0       0       0       0       0       0       0       0       0       0
Total ram usage:        4 bytes
 Hardware stack levels used:    1
 Hardware stack levels required when called:    3
 This function calls:
		Nothing
 This function is called by:
		_sprintf
		_set_pwm1_general
 This function uses a non-reentrant model


 *************** function _setupSerial *****************
 Defined at:
		line 3 in file "my_ser.c"
 Parameters:    Size  Location     Type
		None
 Auto vars:     Size  Location     Type
  dummy           1   23[COMRAM] unsigned char 
 Return value:  Size  Location     Type
                  1    wreg      void 
 Registers used:
		wreg, status,2
 Tracked objects:
		On entry : 
		On exit  : 
		Unchanged: 
 Data sizes:     COMRAM   BANK0   BANK1   BANK2   BANK3   BANK4   BANK5   BANK6   BANK7   BANK8   BANK9  BANK10  BANK11  BANK12  BANK13  BANK14  BANK15
[...]
      Locals:         0       0       0       0       0       0       0       0       0       0       0       0       0       0       0       0       0
      Temps:          4       0       0       0       0       0       0       0       0       0       0       0       0       0       0       0       0
      Totals:        12       0       0       0       0       0       0       0       0       0       0       0       0       0       0       0       0
Total ram usage:       12 bytes
 Hardware stack levels used:    1
 Hardware stack levels required when called:    3
 This function calls:
		Nothing
 This function is called by:
		_main
		_sprintf
		_floor
 This function uses a non-reentrant model


 *************** function ___fladd *****************
 Defined at:
		line 10 in file "C:\Program Files (x86)\Microchip\xc8\v1.37\sources\common\sprcadd.c"
 Parameters:    Size  Location     Type
  b               4   25[BANK0 ] long 
  a               4   29[BANK0 ] long 
 Auto vars:     Size  Location     Type
  grs             1   44[BANK0 ] unsigned char 
  bexp            1   43[BANK0 ] unsigned char 
  aexp            1   42[BANK0 ] unsigned char 
  signs           1   41[BANK0 ] unsigned char 
 Return value:  Size  Location     Type
                  4   25[BANK0 ] unsigned char 
 Registers used:
		wreg, status,2, status,0
 Tracked objects:
		On entry : 
		On exit  : 
		Unchanged: 
 Data sizes:     COMRAM   BANK0   BANK1   BANK2   BANK3   BANK4   BANK5   BANK6   BANK7   BANK8   BANK9  BANK10  BANK11  BANK12  BANK13  BANK14  BANK15
      Params:         0       8       0       0       0       0       0       0       0       0       0       0       0       0       0       0       0
      Locals:         0       4       0       0       0       0       0       0       0       0       0       0       0       0       0       0       0
      Temps:          0       8       0       0       0       0       0       0       0       0       0       0       0       0       0       0       0
      Totals:         0      20       0       0       0       0       0       0       0       0       0       0       0       0       0       0       0
Total ram usage:       20 bytes
 Hardware stack levels used:    1
 Hardware stack levels required when called:    3
 This function calls:
		Nothing
 This function is called by:
		_main
		_read_adc_temp
		_sprintf
		_floor
		___flsub
		_set_pwm1_percent
		_set_pwm1_voltage
		_set_pwm1_general
 This function uses a non-reentrant model


 *************** function _display7seg *****************
 Defined at:
		line 35 in file "display7s.c"
 Parameters:    Size  Location     Type
  v               1    wreg     unsigned char 
 Auto vars:     Size  Location     Type
  v               1   23[COMRAM] unsigned char 
 Return value:  Size  Location     Type
                  1    wreg      unsigned char 
 Registers used:
		wreg, status,2, status,0
 Tracked objects:
		On entry : 
		On exit  : 
		Unchanged: 
 Data sizes:     COMRAM   BANK0   BANK1   BANK2   BANK3   BANK4   BANK5   BANK6   BANK7   BANK8   BANK9  BANK10  BANK11  BANK12  BANK13  BANK14  BANK15
      Params:         0       0       0       0       0       0       0       0       0       0       0       0       0       0       0       0       0
      Locals:         1       0       0       0       0       0       0       0       0       0       0       0       0       0       0       0       0
      Temps:          0       0       0       0       0       0       0       0       0       0       0       0       0       0       0       0       0
      Totals:         1       0       0       0       0       0       0       0       0       0       0       0       0       0       0       0       0
Total ram usage:        1 bytes
 Hardware stack levels used:    1
 Hardware stack levels required when called:    3
 This function calls:
		Nothing
 This function is called by:
		_main
 This function uses a non-reentrant model


 *************** function _highIsr *****************
 Defined at:
		line 97 in file "pwm_asl.c"
 Parameters:    Size  Location     Type
		None
 Auto vars:     Size  Location     Type
		None
 Return value:  Size  Location     Type
                  1    wreg      void 
 Registers used:
		wreg, fsr2l, fsr2h, status,2, status,0, prodl, prodh, cstack
 Tracked objects:
		On entry : 
		On exit  : 
		Unchanged: 
 Data sizes:     COMRAM   BANK0   BANK1   BANK2   BANK3   BANK4   BANK5   BANK6   BANK7   BANK8   BANK9  BANK10  BANK11  BANK12  BANK13  BANK14  BANK15
      Params:         0       0       0       0       0       0       0       0       0       0       0       0       0       0       0       0       0
      Locals:         0       0       0       0       0       0       0       0       0       0       0       0       0       0       0       0       0
      Temps:         14       0       0       0       0       0       0       0       0       0       0       0       0       0       0       0       0
      Totals:        14       0       0       0       0       0       0       0       0       0       0       0       0       0       0       0       0
Total ram usage:       14 bytes
 Hardware stack levels used:    1
 Hardware stack levels required when called:    2
 This function calls:
		_RX_isr
		_Timer1_isr
		___lwmod
		_examine
 This function is called by:
		Interrupt level 2
 This function uses a non-reentrant model


 *************** function _examine *****************
 Defined at:
		line 116 in file "pwm_asl.c"
 Parameters:    Size  Location     Type
		None
 Auto vars:     Size  Location     Type
		None
 Return value:  Size  Location     Type
                  1    wreg      void 
 Registers used:
		wreg, status,2, status,0
 Tracked objects:
		On entry : 
		On exit  : 
		Unchanged: 
 Data sizes:     COMRAM   BANK0   BANK1   BANK2   BANK3   BANK4   BANK5   BANK6   BANK7   BANK8   BANK9  BANK10  BANK11  BANK12  BANK13  BANK14  BANK15
      Params:         0       0       0       0       0       0       0       0       0       0       0       0       0       0       0       0       0
      Locals:         0       0       0       0       0       0       0       0       0       0       0       0       0       0       0       0       0
      Temps:          0       0       0       0       0       0       0       0       0       0       0       0       0       0       0       0       0
      Totals:         0       0       0       0       0       0       0       0       0       0       0       0       0       0       0       0       0
Total ram usage:        0 bytes
 Hardware stack levels used:    1
 This function calls:
		Nothing
 This function is called by:
		_highIsr
 This function uses a non-reentrant model


 *************** function ___lwmod *****************
 Defined at:
		line 8 in file "C:\Program Files (x86)\Microchip\xc8\v1.37\sources\common\lwmod.c"
 Parameters:    Size  Location     Type
  dividend        2    0[COMRAM] unsigned int 
  divisor         2    2[COMRAM] unsigned int 
 Auto vars:     Size  Location     Type
  counter         1    4[COMRAM] unsigned char 
 Return value:  Size  Location     Type
                  2    0[COMRAM] unsigned int 
 Registers used:
		wreg, status,2, status,0
 Tracked objects:
		On entry : 
		On exit  : 
		Unchanged: 
 Data sizes:     COMRAM   BANK0   BANK1   BANK2   BANK3   BANK4   BANK5   BANK6   BANK7   BANK8   BANK9  BANK10  BANK11  BANK12  BANK13  BANK14  BANK15
      Params:         4       0       0       0       0       0       0       0       0       0       0       0       0       0       0       0       0
      Locals:         1       0       0       0       0       0       0       0       0       0       0       0       0       0       0       0       0
      Temps:          0       0       0       0       0       0       0       0       0       0       0       0       0       0       0       0       0
      Totals:         5       0       0       0       0       0       0       0       0       0       0       0       0       0       0       0       0
Total ram usage:        5 bytes
 Hardware stack levels used:    1
 This function calls:
		Nothing
 This function is called by:
		_highIsr
 This function uses a non-reentrant model


 *************** function _Timer1_isr *****************
 Defined at:
		line 21 in file "timer.c"
 Parameters:    Size  Location     Type
  f               2    6[COMRAM] unsigned int 
 Auto vars:     Size  Location     Type
		None
 Return value:  Size  Location     Type
                  1    wreg      void 
 Registers used:
		wreg, status,2, status,0, prodl, prodh, cstack
 Tracked objects:
		On entry : 
		On exit  : 
		Unchanged: 
 Data sizes:     COMRAM   BANK0   BANK1   BANK2   BANK3   BANK4   BANK5   BANK6   BANK7   BANK8   BANK9  BANK10  BANK11  BANK12  BANK13  BANK14  BANK15
      Params:         2       0       0       0       0       0       0       0       0       0       0       0       0       0       0       0       0
      Locals:         0       0       0       0       0       0       0       0       0       0       0       0       0       0       0       0       0
      Temps:          1       0       0       0       0       0       0       0       0       0       0       0       0       0       0       0       0
      Totals:         3       0       0       0       0       0       0       0       0       0       0       0       0       0       0       0       0
Total ram usage:        3 bytes
 Hardware stack levels used:    1
 Hardware stack levels required when called:    1
 This function calls:
		i2___wmul
		i2_reloadTimer1
 This function is called by:
		_highIsr
 This function uses a non-reentrant model


 *************** function i2_reloadTimer1 *****************
 Defined at:
		line 16 in file "timer.c"
 Parameters:    Size  Location     Type
		None
 Auto vars:     Size  Location     Type
		None
 Return value:  Size  Location     Type
                  1    wreg      void 
 Registers used:
		wreg, status,2
 Tracked objects:
		On entry : 
		On exit  : 
		Unchanged: 
 Data sizes:     COMRAM   BANK0   BANK1   BANK2   BANK3   BANK4   BANK5   BANK6   BANK7   BANK8   BANK9  BANK10  BANK11  BANK12  BANK13  BANK14  BANK15
      Params:         0       0       0       0       0       0       0       0       0       0       0       0       0       0       0       0       0
      Locals:         0       0       0       0       0       0       0       0       0       0       0       0       0       0       0       0       0
      Temps:          0       0       0       0       0       0       0       0       0       0       0       0       0       0       0       0       0
      Totals:         0       0       0       0       0       0       0       0       0       0       0       0       0       0       0       0       0
Total ram usage:        0 bytes
 Hardware stack levels used:    1
 This function calls:
		Nothing
 This function is called by:
		_Timer1_isr
 This function uses a non-reentrant model


 *************** function i2___wmul *****************
 Defined at:
		line 15 in file "C:\Program Files (x86)\Microchip\xc8\v1.37\sources\common\Umul16.c"
 Parameters:    Size  Location     Type
  multiplier      2    0[COMRAM] unsigned int 
  multiplicand    2    2[COMRAM] unsigned int 
 Auto vars:     Size  Location     Type
  __wmul          2    4[COMRAM] unsigned int 
 Return value:  Size  Location     Type
                  2    0[COMRAM] unsigned int 
 Registers used:
		wreg, status,2, status,0, prodl, prodh
 Tracked objects:
		On entry : 
		On exit  : 
		Unchanged: 
 Data sizes:     COMRAM   BANK0   BANK1   BANK2   BANK3   BANK4   BANK5   BANK6   BANK7   BANK8   BANK9  BANK10  BANK11  BANK12  BANK13  BANK14  BANK15
      Params:         4       0       0       0       0       0       0       0       0       0       0       0       0       0       0       0       0
      Locals:         2       0       0       0       0       0       0       0       0       0       0       0       0       0       0       0       0
      Temps:          0       0       0       0       0       0       0       0       0       0       0       0       0       0       0       0       0
      Totals:         6       0       0       0       0       0       0       0       0       0       0       0       0       0       0       0       0
Total ram usage:        6 bytes
 Hardware stack levels used:    1
 This function calls:
		Nothing
 This function is called by:
		_Timer1_isr
 This function uses a non-reentrant model


 *************** function _RX_isr *****************
 Defined at:
		line 37 in file "timer.c"
 Parameters:    Size  Location     Type
		None
 Auto vars:     Size  Location     Type
		None
 Return value:  Size  Location     Type
                  1    wreg      unsigned char 
 Registers used:
		wreg, status,2, status,0
 Tracked objects:
		On entry : 
		On exit  : 
		Unchanged: 
 Data sizes:     COMRAM   BANK0   BANK1   BANK2   BANK3   BANK4   BANK5   BANK6   BANK7   BANK8   BANK9  BANK10  BANK11  BANK12  BANK13  BANK14  BANK15
      Params:         0       0       0       0       0       0       0       0       0       0       0       0       0       0       0       0       0
      Locals:         0       0       0       0       0       0       0       0       0       0       0       0       0       0       0       0       0
      Temps:          1       0       0       0       0       0       0       0       0       0       0       0       0       0       0       0       0
      Totals:         1       0       0       0       0       0       0       0       0       0       0       0       0       0       0       0       0
Total ram usage:        1 bytes
 Hardware stack levels used:    1
 This function calls:
		Nothing
 This function is called by:
		_highIsr
 This function uses a non-reentrant model



MODULE INFORMATION

Module		Function		Class		Link	Load	Size
C:\Program Files (x86)\Microchip\xc8\v1.37\sources\common\sprcdiv.c
		___fldiv       		CODE           	298A	0000	961

C:\Program Files (x86)\Microchip\xc8\v1.37\sources\common\sprcdiv.c estimated size: 961

C:\Program Files (x86)\Microchip\xc8\v1.37\sources\common\llmod.c
		___llmod       		CODE           	3EB8	0000	103

C:\Program Files (x86)\Microchip\xc8\v1.37\sources\common\llmod.c estimated size: 103

C:\Program Files (x86)\Microchip\xc8\v1.37\sources\common\doprnt.c
		_scale         		CODE           	2572	0000	1049
		_sprintf       		CODE           	10E8	0000	2991
		_fround        		CODE           	309A	0000	643

C:\Program Files (x86)\Microchip\xc8\v1.37\sources\common\doprnt.c estimated size: 4683

C:\Program Files (x86)\Microchip\xc8\v1.37\sources\common\floor.c
		_floor         		CODE           	37E6	0000	287

C:\Program Files (x86)\Microchip\xc8\v1.37\sources\common\floor.c estimated size: 287

my_ser.c
		_send_byte_no_lib		CODE           	4426	0000	17
		_is_byte_available		CODE           	440E	0000	25
		_read_byte_no_lib		CODE           	4466	0000	9
		_setupSerial   		CODE           	4344	0000	37
		_send_string_no_lib		CODE           	42CE	0000	43

my_ser.c estimated size: 131

my_pwm.c
		_init_pwm1     		CODE           	4436	0000	17
		_set_pwm1_raw  		CODE           	4244	0000	47

my_pwm.c estimated size: 64

C:\Program Files (x86)\Microchip\xc8\v1.37\sources\common\Umul16.c
		___wmul        		CODE           	42F8	0000	39

C:\Program Files (x86)\Microchip\xc8\v1.37\sources\common\Umul16.c estimated size: 39

timer.c
		_Timer1_isr    		CODE           	3CE0	0000	127
		_reloadTimer1  		CODE           	4452	0000	11
		_initTimers01  		CODE           	41E4	0000	51
		_RX_isr        		CODE           	42A0	0000	47

timer.c estimated size: 236

my_adc.c
		_init_adc_no_lib		CODE           	4446	0000	13
		_read_adc_raw_no_lib		CODE           	41AA	0000	59
		_read_adc_voltage		CODE           	3B52	0000	137
		_read_adc_temp 		CODE           	3AA4	0000	175

my_adc.c estimated size: 384

C:\Program Files (x86)\Microchip\xc8\v1.37\sources\common\awdiv.c
		___awdiv       		CODE           	3BDA	0000	133

C:\Program Files (x86)\Microchip\xc8\v1.37\sources\common\awdiv.c estimated size: 133

C:\Program Files (x86)\Microchip\xc8\v1.37\sources\common\fltol.c
		___fltol       		CODE           	3904	0000	221

C:\Program Files (x86)\Microchip\xc8\v1.37\sources\common\fltol.c estimated size: 221

C:\Program Files (x86)\Microchip\xc8\v1.37\sources\common\isdigit.c
		_isdigit       		CODE           	43D2	0000	31

C:\Program Files (x86)\Microchip\xc8\v1.37\sources\common\isdigit.c estimated size: 31

C:\Program Files (x86)\Microchip\xc8\v1.37\sources\common\sprcadd.c
		___flsub       		CODE           	4096	0000	73
		___fladd       		CODE           	1C96	0000	1193

C:\Program Files (x86)\Microchip\xc8\v1.37\sources\common\sprcadd.c estimated size: 1266

C:\Program Files (x86)\Microchip\xc8\v1.37\sources\common\lldiv.c
		___lldiv       		CODE           	3C5E	0000	131

C:\Program Files (x86)\Microchip\xc8\v1.37\sources\common\lldiv.c estimated size: 131

C:\Program Files (x86)\Microchip\xc8\v1.37\sources\common\ftdivl.c
		__tdiv_to_l_   		CODE           	346C	0000	307

C:\Program Files (x86)\Microchip\xc8\v1.37\sources\common\ftdivl.c estimated size: 307

display7s.c
		_display7seg   		CODE           	3E48	0000	113

display7s.c estimated size: 113

C:\Program Files (x86)\Microchip\xc8\v1.37\sources\common\fldivl.c
		__div_to_l_    		CODE           	359E	0000	297

C:\Program Files (x86)\Microchip\xc8\v1.37\sources\common\fldivl.c estimated size: 297

shared
		__powers_      		SMALLCONST     	1035	0000	53
		_dpowers       		SMALLCONST     	1069	0000	41
		i2___wmul      		CODE           	431E	0000	39
		__npowers_     		SMALLCONST     	1001	0000	53
		__initialization		CODE           	3F80	0000	83
		i2_reloadTimer1		CODE           	445C	0000	11

shared estimated size: 280

C:\Program Files (x86)\Microchip\xc8\v1.37\sources\common\flneg.c
		___flneg       		CODE           	4216	0000	47

C:\Program Files (x86)\Microchip\xc8\v1.37\sources\common\flneg.c estimated size: 47

C:\Program Files (x86)\Microchip\xc8\v1.37\sources\common\flge.c
		___flge        		CODE           	36C6	0000	289

C:\Program Files (x86)\Microchip\xc8\v1.37\sources\common\flge.c estimated size: 289

pwm_asl.c
		_main          		CODE           	213E	0000	1077
		_highIsr       		CODE           	0008	0000	211
		_examine       		CODE           	3FE0	0000	97
		_setupPorts    		CODE           	43F0	0000	31

pwm_asl.c estimated size: 1416

lcd_x8.c
		_lcd_putc      		CODE           	4040	0000	87
		_lcd_puts      		CODE           	4368	0000	37
		_lcd_send_byte 		CODE           	40DE	0000	73
		_lcd_gotoxy    		CODE           	4126	0000	67
		_lcd_send_nibble		CODE           	43B0	0000	35
		_delay_ms      		CODE           	438C	0000	37
		_lcd_init      		CODE           	3F1E	0000	99
		_delay_cycles  		CODE           	4272	0000	47

lcd_x8.c estimated size: 482

C:\Program Files (x86)\Microchip\xc8\v1.37\sources\common\frexp.c
		_frexp         		CODE           	3D5E	0000	123

C:\Program Files (x86)\Microchip\xc8\v1.37\sources\common\frexp.c estimated size: 123

C:\Program Files (x86)\Microchip\xc8\v1.37\sources\common\xxtofl.c
		___xxtofl      		CODE           	331C	0000	337

C:\Program Files (x86)\Microchip\xc8\v1.37\sources\common\xxtofl.c estimated size: 337

C:\Program Files (x86)\Microchip\xc8\v1.37\sources\common\lwmod.c
		___lwmod       		CODE           	4168	0000	67

C:\Program Files (x86)\Microchip\xc8\v1.37\sources\common\lwmod.c estimated size: 67

C:\Program Files (x86)\Microchip\xc8\v1.37\sources\common\sprcmul.c
		___flmul       		CODE           	2D4A	0000	849

C:\Program Files (x86)\Microchip\xc8\v1.37\sources\common\sprcmul.c estimated size: 849

C:\Program Files (x86)\Microchip\xc8\v1.37\sources\common\awmod.c
		___awmod       		CODE           	3DD8	0000	113

C:\Program Files (x86)\Microchip\xc8\v1.37\sources\common\awmod.c estimated size: 113

